// Jest Snapshot v1, https://goo.gl/fbAQLP

exports[`Adds Profile to dom without crashing renders without crashing 1`] = `null`;
